# Generated by pdf-form-burner
Text1:  # Text1 Help
  text value
CheckBox1:  # CheckBox1 Help
  true
Radio2:
  "":  # Radio2 Help
    true
  "":  # Radio1 Help
    true
  "":  # Radio3 Help
    true
List1:  # List Help
  Value2
MultiList2:  # MultiList Help
  - Multivalue1
  - Multivalue3
Combo1:  # Combo1 Help
  Modified
Combo2:  # Combo2 Help
  Value3
FileSelect1:  # FileSelect1 Help
  /home/vokimon/guifibaix/pdf-form-burner/pdfformburner.cc
Button1:  # Button1 Help
  ~
List2:  # List2 Help
  Value3
MultiLineText:  # MultiLineText Help
  |
  One line
  other line