# Generated by pdf-form-burner
Button1:  # þÿ
  ~
CheckBox1:  # þÿ
  true
Combo1:  # þÿ
# Suggested values: Value1, Value2, Value3
  Modified
Combo2:  # þÿ
# Suggested values: Value1, Value2, Value3
  Value3
FileSelect1:  # þÿ
  /home/vokimon/guifibaix/pdf-form-burner/pdfformburner.cc
List1:  # þÿ
# Allowed values: Value1, Value2, Value3
  Value2
List2:  # þÿ
# Allowed values: Value1, Value2, Value3
  Value3
MultiLineText:  # þÿ
  |
  One line
  other line
  
MultiList2:  # þÿ
# Allowed values: Multivalue1, Multivalue2, Multivalue3
  - Multivalue1
  - Multivalue3
Radio2:
  1:  # þÿ
    true
  2:  # þÿ
    false
  3:  # þÿ
    false
Text1:  # þÿ
  text value
