# Generated by pdf-form-burner
Button1:  # þÿ
  ~
CheckBox1:  # þÿ
  false
Combo1:  # þÿ
# Suggested values: Value1, Value2, Value3
  ""
Combo2:  # þÿ
# Suggested values: Value1, Value2, Value3
  ""
FileSelect1:  # þÿ
  ""
List1:  # þÿ
# Allowed values: Value1, Value2, Value3
  ""
List2:  # þÿ
# Allowed values: Value1, Value2, Value3
  ""
MultiLineText:  # þÿ
  |
  
MultiList2:  # þÿ
# Allowed values: Multivalue1, Multivalue2, Multivalue3
  []
Radio2:
  1:  # þÿ
    false
  2:  # þÿ
    false
  3:  # þÿ
    false
Text1:  # þÿ
  ""
