# Generated by pdf-form-burner
Text1:  # Text1 Help
  ""
CheckBox1:  # CheckBox1 Help
  false
Radio2:
  "":  # Radio2 Help
    false
  "":  # Radio1 Help
    false
  "":  # Radio3 Help
    false
List1:  # List Help
  ""
MultiList2:  # MultiList Help
  []
Combo1:  # Combo1 Help
  ""
Combo2:  # Combo2 Help
  ""
FileSelect1:  # FileSelect1 Help
  ""
Button1:  # Button1 Help
  ~
List2:  # List2 Help
  ""
MultiLineText:  # MultiLineText Help
  |
  