# Generated by pdf-form-burner
Button1: ~  # þÿ
CheckBox1: true  # þÿ
Combo1: Modified  # Suggested values: Value1, Value2, Value3  # þÿ
Combo2: Value3  # Suggested values: Value1, Value2, Value3  # þÿ
FileSelect1: /home/vokimon/guifibaix/pdf-form-burner/pdfformburner.cc  # þÿ
List1: Value2  # Allowed values: Value1, Value2, Value3  # þÿ
List2: Value3  # Allowed values: Value1, Value2, Value3  # þÿ
MultiLineText: |
  One line
  other line
# þÿ
MultiList2:
  - Multivalue1
  - Multivalue3  # Allowed values: Multivalue1, Multivalue2, Multivalue3  # þÿ
Radio2:
  1: true  # þÿ
  2: false  # þÿ
  3: false  # þÿ
Text1: text value  # þÿ
