# Generated by pdf-form-burner
Radio2:
  1:  # þÿ
    false
  2:  # þÿ
    false
  3:  # þÿ
    false
RadioA:
  A:  # þÿ
    false
  B:  # þÿ
    false
  C:  # þÿ
    false
