# Generated by pdf-form-burner
Radio2:
  1: false  # þÿ
  2: false  # þÿ
  3: true  # þÿ
RadioA:
  A: false  # þÿ
  B: true  # þÿ
  C: false  # þÿ
